-------------------------------------
Translated Report (Full Report Below)
-------------------------------------
Process:             XMURollcall [67240]
Path:                /Applications/XMURollcall.app/Contents/MacOS/XMURollcall
Identifier:          com.xmu.rollcall
Version:             1.0 (1.0.0)
Code Type:           ARM-64 (Native)
Role:                Foreground
Parent Process:      launchd [1]
Coalition:           com.xmu.rollcall [98278]
User ID:             501

Date/Time:           2026-04-05 22:17:02.3036 +0800
Launch Time:         2026-04-05 22:16:38.2637 +0800
Hardware Model:      Mac14,2
OS Version:          macOS 26.4 (25E246)
Release Type:        User

Crash Reporter Key:  115A3172-DBC0-DCAF-49CF-9EC4DC93D33C
Incident Identifier: F753C0B0-EFB4-4141-A0ED-F9EE1ECF17BC

Sleep/Wake UUID:       C44FD570-82FC-40DA-8EDC-F20B23AC316B

Time Awake Since Boot: 710000 seconds
Time Since Wake:       25258 seconds

System Integrity Protection: enabled

Triggered by Thread: 1, Dispatch Queue: com.xmu.rollcall.python

Exception Type:    EXC_BAD_ACCESS (SIGSEGV)
Exception Subtype: KERN_INVALID_ADDRESS at 0x0000000000000010
Exception Codes:   0x0000000000000001, 0x0000000000000010

Termination Reason:  Namespace SIGNAL, Code 11, Segmentation fault: 11
Terminating Process: exc handler [67240]


VM Region Info: 0x10 is not in any region.  Bytes before following region: 4343054320
      REGION TYPE                    START - END         [ VSIZE] PRT/MAX SHRMOD  REGION DETAIL
      UNUSED SPACE AT START
--->
      __TEXT                      102ddc000-102e3c000    [  384K] r-x/r-x SM=COW  /Applications/XMURollcall.app/Contents/MacOS/XMURollcall

Thread 0::  Dispatch queue: com.apple.main-thread
0   libsystem_kernel.dylib        	       0x185633c34 mach_msg2_trap + 8
1   libsystem_kernel.dylib        	       0x185646574 mach_msg2_internal + 76
2   libsystem_kernel.dylib        	       0x18563c9c0 mach_msg_overwrite + 480
3   libsystem_kernel.dylib        	       0x185633fc0 mach_msg + 24
4   CoreFoundation                	       0x185734d68 __CFRunLoopServiceMachPort + 160
5   CoreFoundation                	       0x185733654 __CFRunLoopRun + 1188
6   CoreFoundation                	       0x185805be0 _CFRunLoopRunSpecificWithOptions + 532
7   HIToolbox                     	       0x192508560 RunCurrentEventLoopInMode + 320
8   HIToolbox                     	       0x19250b8bc ReceiveNextEventCommon + 488
9   HIToolbox                     	       0x19269513c _BlockUntilNextEventMatchingListInMode + 48
10  AppKit                        	       0x18a20b1a4 _DPSBlockUntilNextEventMatchingListInMode + 228
11  AppKit                        	       0x189b5f084 _DPSNextEvent + 576
12  AppKit                        	       0x18a6f469c -[NSApplication(NSEventRouting) _nextEventMatchingEventMask:untilDate:inMode:dequeue:] + 688
13  AppKit                        	       0x18a6f43a8 -[NSApplication(NSEventRouting) nextEventMatchingMask:untilDate:inMode:dequeue:] + 72
14  AppKit                        	       0x189b5213c -[NSApplication run] + 368
15  AppKit                        	       0x189b2a7b0 NSApplicationMain + 880
16  SwiftUI                       	       0x1ba36b4f0 specialized runApp(_:) + 140
17  SwiftUI                       	       0x1ba7213a0 runApp<A>(_:) + 104
18  SwiftUI                       	       0x1ba9ed240 static App.main() + 224
19  XMURollcall                   	       0x102e25554 XMURollcall_main + 36
20  dyld                          	       0x1852bbda4 start + 6992

Thread 1 Crashed::  Dispatch queue: com.xmu.rollcall.python
0   Python                        	       0x114104df0 _PyObject_Malloc + 36
1   Python                        	       0x114144dc8 unicode_decode_utf8 + 416
2   Python                        	       0x11420afb4 PyImport_ImportModule + 60
3   XMURollcall                   	       0x102de596c PythonInterface.attemptImport(_:) + 80
4   XMURollcall                   	       0x102e19790 PythonBridge.requireLoginModule() + 144
5   XMURollcall                   	       0x102e1be34 closure #1 in PythonBridge.login(username:password:) + 68
6   XMURollcall                   	       0x102e2093c partial apply for closure #1 in PythonBridge.login(username:password:) + 36
7   XMURollcall                   	       0x102e2070c partial apply for closure #1 in PythonBridge.login(username:password:) + 36
8   XMURollcall                   	       0x102e18e6c specialized closure #1 in closure #1 in PythonBridge.runOnPythonQueueThrowing<A>(_:) + 40
9   XMURollcall                   	       0x102e18f80 thunk for @escaping @callee_guaranteed @Sendable () -> () + 28
10  libdispatch.dylib             	       0x1854bca28 _dispatch_call_block_and_release + 32
11  libdispatch.dylib             	       0x1854d64b0 _dispatch_client_callout + 16
12  libdispatch.dylib             	       0x1854c5030 _dispatch_lane_serial_drain + 740
13  libdispatch.dylib             	       0x1854c5b2c _dispatch_lane_invoke + 392
14  libdispatch.dylib             	       0x1854cfe34 _dispatch_root_queue_drain_deferred_wlh + 284
15  libdispatch.dylib             	       0x1854cf734 _dispatch_workloop_worker_thread + 720
16  libsystem_pthread.dylib       	       0x185673ec0 _pthread_wqthread + 292
17  libsystem_pthread.dylib       	       0x185672c10 start_wqthread + 8

Thread 2:: com.apple.NSEventThread
0   libsystem_kernel.dylib        	       0x185633c34 mach_msg2_trap + 8
1   libsystem_kernel.dylib        	       0x185646574 mach_msg2_internal + 76
2   libsystem_kernel.dylib        	       0x18563c9c0 mach_msg_overwrite + 480
3   libsystem_kernel.dylib        	       0x185633fc0 mach_msg + 24
4   CoreFoundation                	       0x185734d68 __CFRunLoopServiceMachPort + 160
5   CoreFoundation                	       0x185733654 __CFRunLoopRun + 1188
6   CoreFoundation                	       0x185805be0 _CFRunLoopRunSpecificWithOptions + 532
7   AppKit                        	       0x189c80c64 _NSEventThread + 184
8   libsystem_pthread.dylib       	       0x185677c58 _pthread_start + 136
9   libsystem_pthread.dylib       	       0x185672c1c thread_start + 8

Thread 3:

Thread 4:

Thread 5:

Thread 6:

Thread 7:

Thread 8:


Thread 1 crashed with ARM Thread State (64-bit):
    x0: 0x00000007c64d8f58   x1: 0x0000000000000032   x2: 0x0000000000000001   x3: 0x0000000000000000
    x4: 0x0000000000000000   x5: 0x0000000000000000   x6: 0x000000000000006e   x7: 0xfffff0003ffff800
    x8: 0x0000000000000000   x9: 0x00000007c4b5f6b8  x10: 0x0000000000000000  x11: 0x000000000000006e
   x12: 0x0000000000000030  x13: 0xa895d90136969567  x14: 0xa095d90136969567  x15: 0x00000007c4b5c000
   x16: 0x0000000000000119  x17: 0x0000000000000000  x18: 0x0000000000000000  x19: 0x0000000000000000
   x20: 0x0000000000000032  x21: 0x0000000000000000  x22: 0x000000011447edc8  x23: 0x0000000000000009
   x24: 0x00000007c4b5f6b9  x25: 0x0000006e69676f6c  x26: 0x000000000000000e  x27: 0x0000000000000000
   x28: 0x000000744d73724b   fp: 0x000000016d1365b0   lr: 0x0000000114104dec
    sp: 0x000000016d1365a0   pc: 0x0000000114104df0 cpsr: 0x20001000
   far: 0x0000000000000010  esr: 0x92000006 (Data Abort) byte read Translation fault

Binary Images:
       0x102ddc000 -        0x102e3bfff com.xmu.rollcall (1.0) <f1693082-479f-353d-b2e2-49c0ad83be94> /Applications/XMURollcall.app/Contents/MacOS/XMURollcall
       0x107998000 -        0x1079a3fff libobjc-trampolines.dylib (*) <a4dd56f1-375a-3540-844b-5e397f0b78b3> /usr/lib/libobjc-trampolines.dylib
       0x11306c000 -        0x11386ffff com.apple.AGXMetalG14G (350.38) <9693a017-7cbd-3241-ad87-342c94904197> /System/Library/Extensions/AGXMetalG14G.bundle/Contents/MacOS/AGXMetalG14G
       0x114020000 -        0x1143ebfff org.python.python (3.14.1, (c) 2001-2024 Python Software Foundation.) <c286106e-015e-3340-86b5-155a07957897> /opt/homebrew/*/Python.framework/Versions/3.14/Python
       0x113020000 -        0x113027fff _json.cpython-314-darwin.so (*) <ca7f4612-81a6-3727-a2c9-9e8d818766e7> /opt/homebrew/*/Python.framework/Versions/3.14/lib/python3.14/lib-dynload/_json.cpython-314-darwin.so
       0x113038000 -        0x11303bfff _uuid.cpython-314-darwin.so (*) <35d01847-d8b3-3ded-9690-f592f59b19ff> /opt/homebrew/*/Python.framework/Versions/3.14/lib/python3.14/lib-dynload/_uuid.cpython-314-darwin.so
       0x11304c000 -        0x11304ffff grp.cpython-314-darwin.so (*) <95359e1b-da22-359e-98fb-7192d73c62e4> /opt/homebrew/*/Python.framework/Versions/3.14/lib/python3.14/lib-dynload/grp.cpython-314-darwin.so
       0x113eec000 -        0x113eeffff fcntl.cpython-314-darwin.so (*) <f3ed7172-1333-3659-9a9e-dbbdb6c1ffc9> /opt/homebrew/*/Python.framework/Versions/3.14/lib/python3.14/lib-dynload/fcntl.cpython-314-darwin.so
       0x185633000 -        0x18567028f libsystem_kernel.dylib (*) <51565b39-f595-3e96-a217-fef29815057a> /usr/lib/system/libsystem_kernel.dylib
       0x1856b7000 -        0x185c14c5f com.apple.CoreFoundation (6.9) <04941709-2330-3bf8-9213-6d33964db448> /System/Library/Frameworks/CoreFoundation.framework/Versions/A/CoreFoundation
       0x19244b000 -        0x19274605f com.apple.HIToolbox (2.1.1) <bcb81496-c81f-3d3e-a617-ccca047989e0> /System/Library/Frameworks/Carbon.framework/Versions/A/Frameworks/HIToolbox.framework/Versions/A/HIToolbox
       0x189b26000 -        0x18b248abf com.apple.AppKit (6.9) <59e23bd5-d01e-305a-b96f-a5790356049a> /System/Library/Frameworks/AppKit.framework/Versions/C/AppKit
       0x1ba260000 -        0x1bb9a973f com.apple.SwiftUI (7.4.27) <4600d6f5-77b3-33c5-969c-3b38dfa4169e> /System/Library/Frameworks/SwiftUI.framework/Versions/A/SwiftUI
       0x18529c000 -        0x185341ec7 dyld (*) <9f682dcf-340c-3bfa-bcdd-dd702f30313e> /usr/lib/dyld
               0x0 - 0xffffffffffffffff ??? (*) <00000000-0000-0000-0000-000000000000> ???
       0x1854bb000 -        0x18550223f libdispatch.dylib (*) <e17aa23f-db2a-3302-b14c-f6b08c540fcf> /usr/lib/system/libdispatch.dylib
       0x185671000 -        0x18567db3b libsystem_pthread.dylib (*) <e7a73008-0c09-31e3-9dd9-0c61652f0e85> /usr/lib/system/libsystem_pthread.dylib

External Modification Summary:
  Calls made by other processes targeting this process:
    task_for_pid: 0
    thread_create: 0
    thread_set_state: 0
  Calls made by this process:
    task_for_pid: 0
    thread_create: 0
    thread_set_state: 0
  Calls made by all processes on this machine:
    task_for_pid: 0
    thread_create: 0
    thread_set_state: 0

VM Region Summary:
ReadOnly portion of Libraries: Total=1.8G resident=0K(0%) swapped_out_or_unallocated=1.8G(100%)
Writable regions: Total=65.4M written=1169K(2%) resident=593K(1%) swapped_out=576K(1%) unallocated=64.3M(98%)

                                VIRTUAL   REGION
REGION TYPE                        SIZE    COUNT (non-coalesced)
===========                     =======  =======
Accelerate framework               128K        1
Activity Tracing                   256K        1
AttributeGraph Data               1024K        1
ColorSync                           16K        1
CoreAnimation                      720K       39
CoreGraphics                        48K        3
CoreServices                       624K        2
CoreUI image data                  624K        5
Foundation                          48K        2
Kernel Alloc Once                   32K        1
MALLOC                            45.4M       20
MALLOC guard page                 3696K        4
STACK GUARD                       56.1M        9
Stack                             12.2M        9
VM_ALLOCATE                       4272K       15
__AUTH                            5945K      626
__AUTH_CONST                      88.5M     1012
__CTF                               824        1
__DATA                            35.0M      967
__DATA_CONST                      34.7M     1024
__DATA_DIRTY                      8304K      869
__FONT_DATA                        2352        1
__LINKEDIT                       576.1M        9
__OBJC_RO                         79.1M        1
__OBJC_RW                         2597K        1
__TEXT                             1.2G     1046
__TPRO_CONST                       128K        2
mapped file                      336.5M       55
page table in kernel               593K        1
shared memory                     1392K       13
===========                     =======  =======
TOTAL                              2.5G     5741


-----------
Full Report
-----------

{"app_name":"XMURollcall","timestamp":"2026-04-05 22:17:07.00 +0800","app_version":"1.0","slice_uuid":"f1693082-479f-353d-b2e2-49c0ad83be94","build_version":"1.0.0","platform":1,"bundleID":"com.xmu.rollcall","share_with_app_devs":1,"is_first_party":0,"bug_type":"309","os_version":"macOS 26.4 (25E246)","roots_installed":0,"name":"XMURollcall","incident_id":"F753C0B0-EFB4-4141-A0ED-F9EE1ECF17BC"}
{
  "uptime" : 710000,
  "procRole" : "Foreground",
  "version" : 2,
  "userID" : 501,
  "deployVersion" : 210,
  "modelCode" : "Mac14,2",
  "coalitionID" : 98278,
  "osVersion" : {
    "train" : "macOS 26.4",
    "build" : "25E246",
    "releaseType" : "User"
  },
  "captureTime" : "2026-04-05 22:17:02.3036 +0800",
  "codeSigningMonitor" : 2,
  "incident" : "F753C0B0-EFB4-4141-A0ED-F9EE1ECF17BC",
  "pid" : 67240,
  "translated" : false,
  "cpuType" : "ARM-64",
  "procLaunch" : "2026-04-05 22:16:38.2637 +0800",
  "procStartAbsTime" : 17262131237929,
  "procExitAbsTime" : 17262701953137,
  "procName" : "XMURollcall",
  "procPath" : "\/Applications\/XMURollcall.app\/Contents\/MacOS\/XMURollcall",
  "bundleInfo" : {"CFBundleShortVersionString":"1.0","CFBundleVersion":"1.0.0","CFBundleIdentifier":"com.xmu.rollcall"},
  "storeInfo" : {"deviceIdentifierForVendor":"DFA3195F-4075-5A44-B250-D07E3853FA7E","thirdParty":true},
  "parentProc" : "launchd",
  "parentPid" : 1,
  "coalitionName" : "com.xmu.rollcall",
  "crashReporterKey" : "115A3172-DBC0-DCAF-49CF-9EC4DC93D33C",
  "appleIntelligenceStatus" : {"reasons":["countryBillingIneligible","countryLocationIneligible","regionIneligible"],"state":"unavailable"},
  "developerMode" : 1,
  "bootProgressRegister" : "0x2f000000",
  "codeSigningID" : "com.xmu.rollcall",
  "codeSigningTeamID" : "",
  "codeSigningFlags" : 570425857,
  "codeSigningValidationCategory" : 10,
  "codeSigningTrustLevel" : 4294967295,
  "codeSigningAuxiliaryInfo" : 0,
  "instructionByteStream" : {"beforePC":"wP\/\/F\/RPvqn9ewGp\/UMAkfQDAapAHgCQAAACkQgAQPkAAT\/WCABA+Q==","atPC":"CAlA+RNVVfngAxOqEwAAlIAAALT9e0Gp9E\/CqMADX9aUAfi3yBsA0A=="},
  "bootSessionUUID" : "DEF93503-64F6-48F2-8B80-E17D40E80F3D",
  "wakeTime" : 25258,
  "sleepWakeUUID" : "C44FD570-82FC-40DA-8EDC-F20B23AC316B",
  "sip" : "enabled",
  "vmRegionInfo" : "0x10 is not in any region.  Bytes before following region: 4343054320\n      REGION TYPE                    START - END         [ VSIZE] PRT\/MAX SHRMOD  REGION DETAIL\n      UNUSED SPACE AT START\n--->  \n      __TEXT                      102ddc000-102e3c000    [  384K] r-x\/r-x SM=COW  \/Applications\/XMURollcall.app\/Contents\/MacOS\/XMURollcall",
  "exception" : {"codes":"0x0000000000000001, 0x0000000000000010","rawCodes":[1,16],"type":"EXC_BAD_ACCESS","signal":"SIGSEGV","subtype":"KERN_INVALID_ADDRESS at 0x0000000000000010"},
  "termination" : {"flags":0,"code":11,"namespace":"SIGNAL","indicator":"Segmentation fault: 11","byProc":"exc handler","byPid":67240},
  "vmregioninfo" : "0x10 is not in any region.  Bytes before following region: 4343054320\n      REGION TYPE                    START - END         [ VSIZE] PRT\/MAX SHRMOD  REGION DETAIL\n      UNUSED SPACE AT START\n--->  \n      __TEXT                      102ddc000-102e3c000    [  384K] r-x\/r-x SM=COW  \/Applications\/XMURollcall.app\/Contents\/MacOS\/XMURollcall",
  "extMods" : {"caller":{"thread_create":0,"thread_set_state":0,"task_for_pid":0},"system":{"thread_create":0,"thread_set_state":0,"task_for_pid":0},"targeted":{"thread_create":0,"thread_set_state":0,"task_for_pid":0},"warnings":0},
  "faultingThread" : 1,
  "threads" : [{"id":21015561,"threadState":{"x":[{"value":268451845},{"value":21592279046},{"value":8589934592,"objc-selector":"ithWindowFrame:moveGeneration:resizeGeneration:screen:"},{"value":18704582574080},{"value":0},{"value":18704582574080},{"value":2},{"value":4294967295},{"value":0},{"value":17179869184},{"value":0},{"value":2},{"value":0},{"value":0},{"value":4355},{"value":12094627908352},{"value":18446744073709551569},{"value":8366302768},{"value":0},{"value":4294967295},{"value":2},{"value":18704582574080},{"value":0},{"value":18704582574080},{"value":21592279046},{"value":6123822392},{"value":8589934592,"objc-selector":"ithWindowFrame:moveGeneration:resizeGeneration:screen:"},{"value":18446744073709550527},{"value":4412409862}],"flavor":"ARM_THREAD_STATE64","lr":{"value":6532916596},"cpsr":{"value":4096},"fp":{"value":6123822240},"sp":{"value":6123822160},"esr":{"value":1442840704,"description":"(Syscall)"},"pc":{"value":6532840500},"far":{"value":0}},"queue":"com.apple.main-thread","frames":[{"imageOffset":3124,"symbol":"mach_msg2_trap","symbolLocation":8,"imageIndex":8},{"imageOffset":79220,"symbol":"mach_msg2_internal","symbolLocation":76,"imageIndex":8},{"imageOffset":39360,"symbol":"mach_msg_overwrite","symbolLocation":480,"imageIndex":8},{"imageOffset":4032,"symbol":"mach_msg","symbolLocation":24,"imageIndex":8},{"imageOffset":515432,"symbol":"__CFRunLoopServiceMachPort","symbolLocation":160,"imageIndex":9},{"imageOffset":509524,"symbol":"__CFRunLoopRun","symbolLocation":1188,"imageIndex":9},{"imageOffset":1371104,"symbol":"_CFRunLoopRunSpecificWithOptions","symbolLocation":532,"imageIndex":9},{"imageOffset":775520,"symbol":"RunCurrentEventLoopInMode","symbolLocation":320,"imageIndex":10},{"imageOffset":788668,"symbol":"ReceiveNextEventCommon","symbolLocation":488,"imageIndex":10},{"imageOffset":2400572,"symbol":"_BlockUntilNextEventMatchingListInMode","symbolLocation":48,"imageIndex":10},{"imageOffset":7229860,"symbol":"_DPSBlockUntilNextEventMatchingListInMode","symbolLocation":228,"imageIndex":11},{"imageOffset":233604,"symbol":"_DPSNextEvent","symbolLocation":576,"imageIndex":11},{"imageOffset":12379804,"symbol":"-[NSApplication(NSEventRouting) _nextEventMatchingEventMask:untilDate:inMode:dequeue:]","symbolLocation":688,"imageIndex":11},{"imageOffset":12379048,"symbol":"-[NSApplication(NSEventRouting) nextEventMatchingMask:untilDate:inMode:dequeue:]","symbolLocation":72,"imageIndex":11},{"imageOffset":180540,"symbol":"-[NSApplication run]","symbolLocation":368,"imageIndex":11},{"imageOffset":18352,"symbol":"NSApplicationMain","symbolLocation":880,"imageIndex":11},{"imageOffset":1094896,"symbol":"specialized runApp(_:)","symbolLocation":140,"imageIndex":12},{"imageOffset":4985760,"symbol":"runApp<A>(_:)","symbolLocation":104,"imageIndex":12},{"imageOffset":7918144,"symbol":"static App.main()","symbolLocation":224,"imageIndex":12},{"imageOffset":300372,"symbol":"XMURollcall_main","symbolLocation":36,"imageIndex":0},{"imageOffset":130468,"symbol":"start","symbolLocation":6992,"imageIndex":13}]},{"triggered":true,"id":21015988,"threadState":{"x":[{"value":33391742808},{"value":50},{"value":1},{"value":0},{"value":0},{"value":0},{"value":110},{"value":18446726482597246976},{"value":0},{"value":33365030584},{"value":0},{"value":110},{"value":48},{"value":12147854169135813991},{"value":11571393416832390503},{"value":33365016576},{"value":281},{"value":0},{"value":0},{"value":0},{"value":50},{"value":0},{"value":4635225544,"symbolLocation":0,"symbol":"_PyRuntime"},{"value":9},{"value":33365030585},{"value":474214788972},{"value":14},{"value":0},{"value":499515617867}],"flavor":"ARM_THREAD_STATE64","lr":{"value":4631580140},"cpsr":{"value":536875008},"fp":{"value":6124955056},"sp":{"value":6124955040},"esr":{"value":2449473542,"description":"(Data Abort) byte read Translation fault"},"pc":{"value":4631580144,"matchesCrashFrame":1},"far":{"value":16}},"queue":"com.xmu.rollcall.python","frames":[{"imageOffset":937456,"symbol":"_PyObject_Malloc","symbolLocation":36,"imageIndex":3},{"imageOffset":1199560,"symbol":"unicode_decode_utf8","symbolLocation":416,"imageIndex":3},{"imageOffset":2011060,"symbol":"PyImport_ImportModule","symbolLocation":60,"imageIndex":3},{"imageOffset":39276,"symbol":"PythonInterface.attemptImport(_:)","symbolLocation":80,"imageIndex":0},{"imageOffset":251792,"symbol":"PythonBridge.requireLoginModule()","symbolLocation":144,"imageIndex":0},{"imageOffset":261684,"symbol":"closure #1 in PythonBridge.login(username:password:)","symbolLocation":68,"imageIndex":0},{"imageOffset":280892,"symbol":"partial apply for closure #1 in PythonBridge.login(username:password:)","symbolLocation":36,"imageIndex":0},{"imageOffset":280332,"symbol":"partial apply for closure #1 in PythonBridge.login(username:password:)","symbolLocation":36,"imageIndex":0},{"imageOffset":249452,"symbol":"specialized closure #1 in closure #1 in PythonBridge.runOnPythonQueueThrowing<A>(_:)","symbolLocation":40,"imageIndex":0},{"imageOffset":249728,"symbol":"thunk for @escaping @callee_guaranteed @Sendable () -> ()","symbolLocation":28,"imageIndex":0},{"imageOffset":6696,"symbol":"_dispatch_call_block_and_release","symbolLocation":32,"imageIndex":15},{"imageOffset":111792,"symbol":"_dispatch_client_callout","symbolLocation":16,"imageIndex":15},{"imageOffset":41008,"symbol":"_dispatch_lane_serial_drain","symbolLocation":740,"imageIndex":15},{"imageOffset":43820,"symbol":"_dispatch_lane_invoke","symbolLocation":392,"imageIndex":15},{"imageOffset":85556,"symbol":"_dispatch_root_queue_drain_deferred_wlh","symbolLocation":284,"imageIndex":15},{"imageOffset":83764,"symbol":"_dispatch_workloop_worker_thread","symbolLocation":720,"imageIndex":15},{"imageOffset":11968,"symbol":"_pthread_wqthread","symbolLocation":292,"imageIndex":16},{"imageOffset":7184,"symbol":"start_wqthread","symbolLocation":8,"imageIndex":16}]},{"id":21016017,"name":"com.apple.NSEventThread","threadState":{"x":[{"value":268451845},{"value":21592279046},{"value":8589934592,"objc-selector":"ithWindowFrame:moveGeneration:resizeGeneration:screen:"},{"value":102267466285056},{"value":0},{"value":102267466285056},{"value":2},{"value":4294967295},{"value":0},{"value":17179869184},{"value":0},{"value":2},{"value":0},{"value":0},{"value":23811},{"value":0},{"value":18446744073709551569},{"value":8366302768},{"value":0},{"value":4294967295},{"value":2},{"value":102267466285056},{"value":0},{"value":102267466285056},{"value":21592279046},{"value":6126100616},{"value":8589934592,"objc-selector":"ithWindowFrame:moveGeneration:resizeGeneration:screen:"},{"value":18446744073709550527},{"value":4412409862}],"flavor":"ARM_THREAD_STATE64","lr":{"value":6532916596},"cpsr":{"value":4096},"fp":{"value":6126100464},"sp":{"value":6126100384},"esr":{"value":1442840704,"description":"(Syscall)"},"pc":{"value":6532840500},"far":{"value":0}},"frames":[{"imageOffset":3124,"symbol":"mach_msg2_trap","symbolLocation":8,"imageIndex":8},{"imageOffset":79220,"symbol":"mach_msg2_internal","symbolLocation":76,"imageIndex":8},{"imageOffset":39360,"symbol":"mach_msg_overwrite","symbolLocation":480,"imageIndex":8},{"imageOffset":4032,"symbol":"mach_msg","symbolLocation":24,"imageIndex":8},{"imageOffset":515432,"symbol":"__CFRunLoopServiceMachPort","symbolLocation":160,"imageIndex":9},{"imageOffset":509524,"symbol":"__CFRunLoopRun","symbolLocation":1188,"imageIndex":9},{"imageOffset":1371104,"symbol":"_CFRunLoopRunSpecificWithOptions","symbolLocation":532,"imageIndex":9},{"imageOffset":1420388,"symbol":"_NSEventThread","symbolLocation":184,"imageIndex":11},{"imageOffset":27736,"symbol":"_pthread_start","symbolLocation":136,"imageIndex":16},{"imageOffset":7196,"symbol":"thread_start","symbolLocation":8,"imageIndex":16}]},{"id":21016027,"frames":[],"threadState":{"x":[{"value":6127251456},{"value":32771},{"value":6126714880},{"value":0},{"value":409604},{"value":18446744073709551615},{"value":0},{"value":0},{"value":0},{"value":0},{"value":0},{"value":0},{"value":0},{"value":0},{"value":0},{"value":0},{"value":0},{"value":0},{"value":0},{"value":0},{"value":0},{"value":0},{"value":0},{"value":0},{"value":0},{"value":0},{"value":0},{"value":0},{"value":0}],"flavor":"ARM_THREAD_STATE64","lr":{"value":0},"cpsr":{"value":4096},"fp":{"value":0},"sp":{"value":6127251456},"esr":{"value":1442840704,"description":"(Syscall)"},"pc":{"value":6533098504},"far":{"value":0}}},{"id":21016160,"frames":[],"threadState":{"x":[{"value":6127824896},{"value":80203},{"value":6127288320},{"value":0},{"value":409604},{"value":18446744073709551615},{"value":0},{"value":0},{"value":0},{"value":0},{"value":0},{"value":0},{"value":0},{"value":0},{"value":0},{"value":0},{"value":0},{"value":0},{"value":0},{"value":0},{"value":0},{"value":0},{"value":0},{"value":0},{"value":0},{"value":0},{"value":0},{"value":0},{"value":0}],"flavor":"ARM_THREAD_STATE64","lr":{"value":0},"cpsr":{"value":4096},"fp":{"value":0},"sp":{"value":6127824896},"esr":{"value":1442840704,"description":"(Syscall)"},"pc":{"value":6533098504},"far":{"value":0}}},{"id":21016463,"frames":[],"threadState":{"x":[{"value":6125531136},{"value":71955},{"value":6124994560},{"value":0},{"value":409604},{"value":18446744073709551615},{"value":0},{"value":0},{"value":0},{"value":0},{"value":0},{"value":0},{"value":0},{"value":0},{"value":0},{"value":0},{"value":0},{"value":0},{"value":0},{"value":0},{"value":0},{"value":0},{"value":0},{"value":0},{"value":0},{"value":0},{"value":0},{"value":0},{"value":0}],"flavor":"ARM_THREAD_STATE64","lr":{"value":0},"cpsr":{"value":4096},"fp":{"value":0},"sp":{"value":6125531136},"esr":{"value":1442840704,"description":"(Syscall)"},"pc":{"value":6533098504},"far":{"value":0}}},{"id":21016464,"frames":[],"threadState":{"x":[{"value":6126678016},{"value":79887},{"value":6126141440},{"value":0},{"value":409604},{"value":18446744073709551615},{"value":0},{"value":0},{"value":0},{"value":0},{"value":0},{"value":0},{"value":0},{"value":0},{"value":0},{"value":0},{"value":0},{"value":0},{"value":0},{"value":0},{"value":0},{"value":0},{"value":0},{"value":0},{"value":0},{"value":0},{"value":0},{"value":0},{"value":0}],"flavor":"ARM_THREAD_STATE64","lr":{"value":0},"cpsr":{"value":4096},"fp":{"value":0},"sp":{"value":6126678016},"esr":{"value":1442840704,"description":"(Syscall)"},"pc":{"value":6533098504},"far":{"value":0}}},{"id":21016465,"frames":[],"threadState":{"x":[{"value":6128398336},{"value":0},{"value":6127861760},{"value":0},{"value":278532},{"value":18446744073709551615},{"value":0},{"value":0},{"value":0},{"value":0},{"value":0},{"value":0},{"value":0},{"value":0},{"value":0},{"value":0},{"value":0},{"value":0},{"value":0},{"value":0},{"value":0},{"value":0},{"value":0},{"value":0},{"value":0},{"value":0},{"value":0},{"value":0},{"value":0}],"flavor":"ARM_THREAD_STATE64","lr":{"value":0},"cpsr":{"value":4096},"fp":{"value":0},"sp":{"value":6128398336},"esr":{"value":0},"pc":{"value":6533098504},"far":{"value":0}}},{"id":21016466,"frames":[],"threadState":{"x":[{"value":6128971776},{"value":0},{"value":6128435200},{"value":0},{"value":278532},{"value":18446744073709551615},{"value":0},{"value":0},{"value":0},{"value":0},{"value":0},{"value":0},{"value":0},{"value":0},{"value":0},{"value":0},{"value":0},{"value":0},{"value":0},{"value":0},{"value":0},{"value":0},{"value":0},{"value":0},{"value":0},{"value":0},{"value":0},{"value":0},{"value":0}],"flavor":"ARM_THREAD_STATE64","lr":{"value":0},"cpsr":{"value":4096},"fp":{"value":0},"sp":{"value":6128971776},"esr":{"value":0},"pc":{"value":6533098504},"far":{"value":0}}}],
  "usedImages" : [
  {
    "source" : "P",
    "arch" : "arm64",
    "base" : 4343054336,
    "CFBundleShortVersionString" : "1.0",
    "CFBundleIdentifier" : "com.xmu.rollcall",
    "size" : 393216,
    "uuid" : "f1693082-479f-353d-b2e2-49c0ad83be94",
    "path" : "\/Applications\/XMURollcall.app\/Contents\/MacOS\/XMURollcall",
    "name" : "XMURollcall",
    "CFBundleVersion" : "1.0.0"
  },
  {
    "source" : "P",
    "arch" : "arm64e",
    "base" : 4422467584,
    "size" : 49152,
    "uuid" : "a4dd56f1-375a-3540-844b-5e397f0b78b3",
    "path" : "\/usr\/lib\/libobjc-trampolines.dylib",
    "name" : "libobjc-trampolines.dylib"
  },
  {
    "source" : "P",
    "arch" : "arm64e",
    "base" : 4614176768,
    "CFBundleShortVersionString" : "350.38",
    "CFBundleIdentifier" : "com.apple.AGXMetalG14G",
    "size" : 8404992,
    "uuid" : "9693a017-7cbd-3241-ad87-342c94904197",
    "path" : "\/System\/Library\/Extensions\/AGXMetalG14G.bundle\/Contents\/MacOS\/AGXMetalG14G",
    "name" : "AGXMetalG14G",
    "CFBundleVersion" : "350.38"
  },
  {
    "source" : "P",
    "arch" : "arm64",
    "base" : 4630642688,
    "CFBundleShortVersionString" : "3.14.1, (c) 2001-2024 Python Software Foundation.",
    "CFBundleIdentifier" : "org.python.python",
    "size" : 3981312,
    "uuid" : "c286106e-015e-3340-86b5-155a07957897",
    "path" : "\/opt\/homebrew\/*\/Python.framework\/Versions\/3.14\/Python",
    "name" : "Python",
    "CFBundleVersion" : "3.14.1"
  },
  {
    "source" : "P",
    "arch" : "arm64",
    "base" : 4613865472,
    "size" : 32768,
    "uuid" : "ca7f4612-81a6-3727-a2c9-9e8d818766e7",
    "path" : "\/opt\/homebrew\/*\/Python.framework\/Versions\/3.14\/lib\/python3.14\/lib-dynload\/_json.cpython-314-darwin.so",
    "name" : "_json.cpython-314-darwin.so"
  },
  {
    "source" : "P",
    "arch" : "arm64",
    "base" : 4613963776,
    "size" : 16384,
    "uuid" : "35d01847-d8b3-3ded-9690-f592f59b19ff",
    "path" : "\/opt\/homebrew\/*\/Python.framework\/Versions\/3.14\/lib\/python3.14\/lib-dynload\/_uuid.cpython-314-darwin.so",
    "name" : "_uuid.cpython-314-darwin.so"
  },
  {
    "source" : "P",
    "arch" : "arm64",
    "base" : 4614045696,
    "size" : 16384,
    "uuid" : "95359e1b-da22-359e-98fb-7192d73c62e4",
    "path" : "\/opt\/homebrew\/*\/Python.framework\/Versions\/3.14\/lib\/python3.14\/lib-dynload\/grp.cpython-314-darwin.so",
    "name" : "grp.cpython-314-darwin.so"
  },
  {
    "source" : "P",
    "arch" : "arm64",
    "base" : 4629381120,
    "size" : 16384,
    "uuid" : "f3ed7172-1333-3659-9a9e-dbbdb6c1ffc9",
    "path" : "\/opt\/homebrew\/*\/Python.framework\/Versions\/3.14\/lib\/python3.14\/lib-dynload\/fcntl.cpython-314-darwin.so",
    "name" : "fcntl.cpython-314-darwin.so"
  },
  {
    "source" : "P",
    "arch" : "arm64e",
    "base" : 6532837376,
    "size" : 250512,
    "uuid" : "51565b39-f595-3e96-a217-fef29815057a",
    "path" : "\/usr\/lib\/system\/libsystem_kernel.dylib",
    "name" : "libsystem_kernel.dylib"
  },
  {
    "source" : "P",
    "arch" : "arm64e",
    "base" : 6533378048,
    "CFBundleShortVersionString" : "6.9",
    "CFBundleIdentifier" : "com.apple.CoreFoundation",
    "size" : 5626976,
    "uuid" : "04941709-2330-3bf8-9213-6d33964db448",
    "path" : "\/System\/Library\/Frameworks\/CoreFoundation.framework\/Versions\/A\/CoreFoundation",
    "name" : "CoreFoundation",
    "CFBundleVersion" : "4424.1.402"
  },
  {
    "source" : "P",
    "arch" : "arm64e",
    "base" : 6748942336,
    "CFBundleShortVersionString" : "2.1.1",
    "CFBundleIdentifier" : "com.apple.HIToolbox",
    "size" : 3125344,
    "uuid" : "bcb81496-c81f-3d3e-a617-ccca047989e0",
    "path" : "\/System\/Library\/Frameworks\/Carbon.framework\/Versions\/A\/Frameworks\/HIToolbox.framework\/Versions\/A\/HIToolbox",
    "name" : "HIToolbox"
  },
  {
    "source" : "P",
    "arch" : "arm64e",
    "base" : 6605135872,
    "CFBundleShortVersionString" : "6.9",
    "CFBundleIdentifier" : "com.apple.AppKit",
    "size" : 24259264,
    "uuid" : "59e23bd5-d01e-305a-b96f-a5790356049a",
    "path" : "\/System\/Library\/Frameworks\/AppKit.framework\/Versions\/C\/AppKit",
    "name" : "AppKit",
    "CFBundleVersion" : "2685.50.120"
  },
  {
    "source" : "P",
    "arch" : "arm64e",
    "base" : 7418019840,
    "CFBundleShortVersionString" : "7.4.27",
    "CFBundleIdentifier" : "com.apple.SwiftUI",
    "size" : 24418112,
    "uuid" : "4600d6f5-77b3-33c5-969c-3b38dfa4169e",
    "path" : "\/System\/Library\/Frameworks\/SwiftUI.framework\/Versions\/A\/SwiftUI",
    "name" : "SwiftUI",
    "CFBundleVersion" : "7.4.27"
  },
  {
    "source" : "P",
    "arch" : "arm64e",
    "base" : 6529073152,
    "size" : 679624,
    "uuid" : "9f682dcf-340c-3bfa-bcdd-dd702f30313e",
    "path" : "\/usr\/lib\/dyld",
    "name" : "dyld"
  },
  {
    "size" : 0,
    "source" : "A",
    "base" : 0,
    "uuid" : "00000000-0000-0000-0000-000000000000"
  },
  {
    "source" : "P",
    "arch" : "arm64e",
    "base" : 6531297280,
    "size" : 291392,
    "uuid" : "e17aa23f-db2a-3302-b14c-f6b08c540fcf",
    "path" : "\/usr\/lib\/system\/libdispatch.dylib",
    "name" : "libdispatch.dylib"
  },
  {
    "source" : "P",
    "arch" : "arm64e",
    "base" : 6533091328,
    "size" : 52028,
    "uuid" : "e7a73008-0c09-31e3-9dd9-0c61652f0e85",
    "path" : "\/usr\/lib\/system\/libsystem_pthread.dylib",
    "name" : "libsystem_pthread.dylib"
  }
],
  "sharedCache" : {
  "base" : 6527942656,
  "size" : 5978570752,
  "uuid" : "7d4906c9-9ca2-3f56-8242-3ec2c1e3245b"
},
  "vmSummary" : "ReadOnly portion of Libraries: Total=1.8G resident=0K(0%) swapped_out_or_unallocated=1.8G(100%)\nWritable regions: Total=65.4M written=1169K(2%) resident=593K(1%) swapped_out=576K(1%) unallocated=64.3M(98%)\n\n                                VIRTUAL   REGION \nREGION TYPE                        SIZE    COUNT (non-coalesced) \n===========                     =======  ======= \nAccelerate framework               128K        1 \nActivity Tracing                   256K        1 \nAttributeGraph Data               1024K        1 \nColorSync                           16K        1 \nCoreAnimation                      720K       39 \nCoreGraphics                        48K        3 \nCoreServices                       624K        2 \nCoreUI image data                  624K        5 \nFoundation                          48K        2 \nKernel Alloc Once                   32K        1 \nMALLOC                            45.4M       20 \nMALLOC guard page                 3696K        4 \nSTACK GUARD                       56.1M        9 \nStack                             12.2M        9 \nVM_ALLOCATE                       4272K       15 \n__AUTH                            5945K      626 \n__AUTH_CONST                      88.5M     1012 \n__CTF                               824        1 \n__DATA                            35.0M      967 \n__DATA_CONST                      34.7M     1024 \n__DATA_DIRTY                      8304K      869 \n__FONT_DATA                        2352        1 \n__LINKEDIT                       576.1M        9 \n__OBJC_RO                         79.1M        1 \n__OBJC_RW                         2597K        1 \n__TEXT                             1.2G     1046 \n__TPRO_CONST                       128K        2 \nmapped file                      336.5M       55 \npage table in kernel               593K        1 \nshared memory                     1392K       13 \n===========                     =======  ======= \nTOTAL                              2.5G     5741 \n",
  "legacyInfo" : {
  "threadTriggered" : {
    "queue" : "com.xmu.rollcall.python"
  }
},
  "logWritingSignature" : "6152ed2a4b91f0ffcf43f61868a136ab557d9368",
  "bug_type" : "309",
  "roots_installed" : 0,
  "trmStatus" : 1,
  "trialInfo" : {
  "rollouts" : [
    {
      "rolloutId" : "67648e5334a82511f4acf879",
      "factorPackIds" : [

      ],
      "deploymentId" : 240000008
    },
    {
      "rolloutId" : "6434420a89ec2e0a7a38bf5a",
      "factorPackIds" : [

      ],
      "deploymentId" : 240000011
    }
  ],
  "experiments" : [

  ]
}
}

Model: Mac14,2, BootROM 18000.101.7, proc 8:4:4:0 processors, 8 GB, SMC
Graphics: Apple M2, Apple M2, Built-In
Display: Color LCD, 2560 x 1664 Retina, Main, MirrorOff, Online
Memory Module: LPDDR5, Micron
AirPort: spairport_wireless_card_type_wifi (0x14E4, 0x4387), wl0: Jan 20 2026 17:44:15 version 20.140.13.0.8.7.224 FWID 01-b2a3fd0d
IO80211_driverkit-1555.23 "IO80211_driverkit-1555.23" Mar  5 2026 21:45:55
AirPort:
Bluetooth: Version (null), 0 services, 0 devices, 0 incoming serial ports
Network Service: Wi-Fi, AirPort, en0
Thunderbolt Bus: MacBook Air, Apple Inc.
Thunderbolt Bus: MacBook Air, Apple Inc.
